13:21:01 **** Auto Build of configuration Debug for project ald2 ****
make pre-build main-build 
a9-linaro-pre-build-step
 
Building file: ../src/platform.c
Invoking: ARM v7 g++ compiler
arm-none-eabi-g++ -Wall -O0 -g3 -c -fmessage-length=0 -MT"src/platform.o" -mcpu=cortex-a9 -mfpu=vfpv3 -mfloat-abi=hard -I../../ald2_bsp/ps7_cortexa9_0/include -MMD -MP -MF"src/platform.d" -MT"src/platform.o" -o "src/platform.o" "../src/platform.c"
Finished building: ../src/platform.c
 
Building target: ald2.elf
Invoking: ARM v7 g++ linker
arm-none-eabi-g++ -mcpu=cortex-a9 -mfpu=vfpv3 -mfloat-abi=hard -Wl,-build-id=none -specs=Xilinx.spec -Wl,-T -Wl,../src/lscript.ld -L../../ald2_bsp/ps7_cortexa9_0/lib -o "ald2.elf"  ./src/main.o ./src/platform.o   -Wl,--start-group,-lxil,-lgcc,-lc,-lstdc++,--end-group
/opt/Xilinx/SDK/2018.3/gnu/aarch32/lin/gcc-arm-none-eabi/bin/../lib/gcc/arm-none-eabi/7.3.1/../../../../arm-none-eabi/bin/ld:../src/lscript.ld:27: warning: redeclaration of memory region `axi_bram_ctrl_0_Mem0'
Finished building target: ald2.elf
 
Invoking: ARM v7 Print Size
arm-none-eabi-size ald2.elf  |tee "ald2.elf.size"
   text	   data	    bss	    dec	    hex	filename
  19140	   1144	  22576	  42860	   a76c	ald2.elf
Finished building: ald2.elf.size
 

13:21:02 Build Finished (took 364ms)

